#!/bin/ksh

# Read log file contents into a variable
log_content=$(<path_to_your_log_file.txt)

# Oracle database connection details
DB_USER="your_username"
DB_PASSWORD="your_password"
DB_SID="your_sid"

# SQL*Plus command
sqlplus -S ${DB_USER}/${DB_PASSWORD}@${DB_SID} <<EOF
SET SERVEROUTPUT ON
DECLARE
    v_log_content CLOB;
BEGIN
    -- Assign log content to CLOB variable
    v_log_content := :log_content;

    -- Insert into the CLOB column using a parameterized query
    INSERT INTO your_table_name (clob_column_name)
    VALUES (v_log_content);
    
    COMMIT;
    
    DBMS_OUTPUT.PUT_LINE('Insert successful');
EXCEPTION
    WHEN OTHERS THEN
        DBMS_OUTPUT.PUT_LINE('Error: ' || SQLERRM);
        ROLLBACK;
END;
/
EXIT;
EOF


SP2-0552: Bind variable "LOG_CONTENT" not declared.


 VARIABLE v_log_content CLOB;
                         *
ERROR at line 2:
ORA-06550: line 2, column 26:
PLS-00103: Encountered the symbol "CLOB" when expecting one of the following:
:= . ( @ % ; not null range default character
The symbol ":=" was substituted for "CLOB" to continue.
ORA-06550: line 9, column 11:
PLS-00103: Encountered the symbol "VALUES" when expecting one of the following:
( mod <an identifier> <a double-quoted delimited-identifier>
<a bind variable> continue current sql execute forall merge
pipe purge json_exists json_value json_query json_object
json_array
The symbol "VALUES" was ignored.






===============================================================






#!/bin/ksh

# Read the value from the file
oracle_log=$(<"$HOME/20230817145556_sql_rollback_log.txt")
abinitio_log=$(<"$HOME/20230817145556_abinitio_log.txt")

# Escape special characters for SQL using Oracle's QUOTE function
escaped_value=$(sqlplus -S chowarro-adm/ResetPassword102!ResetPassword102!@REX_APP_DB << EOF
SET SERVEROUTPUT ON
DECLARE
  v_escaped_oracle_log VARCHAR2(4000);
  v_escaped_abinitio_log VARCHAR2(4000);
BEGIN
  v_escaped_oracle_log := QUOTE(:oracle_log);
  v_escaped_abinitio_log := QUOTE(:abinitio_log);
  DBMS_OUTPUT.PUT_LINE(v_escaped_oracle_log);
  DBMS_OUTPUT.PUT_LINE(v_escaped_abinitio_log);
END;
/
EXIT;
EOF
)

# Run the SQL script using sqlplus
sqlplus -S chowarro-adm/ResetPassword102!ResetPassword102!@REX_APP_DB << EOF
VARIABLE my_value VARCHAR2(100);
EXEC :oracle_log := '$v_escaped_oracle_log';
EXEC :abinitio_log := '$v_escaped_abinitio_log';
INSERT INTO  rex_app.cicd_deployment_status (RUNID,BUILD_NAME,BUILD_NUMBER,CURRENT_BUILD,INSERTED_TS,USER_LONG_NAME,ORACLE_LOG,ABINITIO_LOG)
 VALUES values('200004','316-rex-14-AUG-2023',103,0,'15/AUG/23 12:00:00.000000000 AM','Rose',:oracle_log,:abinitio_log);
EXIT;
EOF




999999999

#!/bin/ksh

# Read the value from the file
my_value=$(<my_value.txt)

# Escape special characters for SQL using Oracle's QUOTE function
escaped_value=$(sqlplus -S username/password@database << EOF
SET SERVEROUTPUT ON
DECLARE
  v_escaped_value VARCHAR2(4000);
BEGIN
  v_escaped_value := QUOTE(:my_value);
  DBMS_OUTPUT.PUT_LINE(v_escaped_value);
END;
/
EXIT;
EOF
)

# Run the SQL script using sqlplus
sqlplus -S username/password@database << EOF
VARIABLE my_value VARCHAR2(100);
EXEC :my_value := '$escaped_value';
INSERT INTO your_table (text_column) VALUES (:my_value);
EXIT;
EOF


999999999





sqlplus -S username/password@database << EOF
VARIABLE my_value VARCHAR2(100);
EXEC :my_value := '$my_value';
INSERT INTO your_table (text_column) VALUES (:my_value);
EXIT;
EOF

SQL>   2    3    4  SQL> SP2-0734: unknown command beginning "Copyright ..." - rest of line ignored.
SQL> SQL> SQL> SQL> SQL> SQL> SQL> SQL> SP2-0734: unknown command beginning "Last Succe..." - rest of line ignored.
SQL> SQL> SP2-0734: unknown command beginning "Connected ..." - rest of line ignored.
SQL> SP2-0734: unknown command beginning "Oracle Dat..." - rest of line ignored.
SQL> SP2-0734: unknown command beginning "Version 19..." - rest of line ignored.
SP2-0044: For a list of known commands enter HELP
and to leave enter EXIT.
SQL> SQL> SQL> SP2-0734: unknown command beginning "PL/SQL pro..." - rest of line ignored.
SQL> SQL> SQL> SP2-0734: unknown command beginning "PL/SQL pro..." - rest of line ignored.
SQL> SQL> SQL> SP2-0734: unknown command beginning "PL/SQL pro..." - rest of line ignored.
SQL> SQL>
0 rows deleted.

SQL> SP2-0042: unknown command "*" - rest of line ignored.
SQL> SP2-0734: unknown command beginning "ERROR at l..." - rest of line ignored.
SQL> SP2-0734: unknown command beginning "ORA-06550:..." - rest of line ignored.
SQL> SP2-0734: unknown command beginning "PLS-00103:..." - rest of line ignored.
SP2-0044: For a list of known commands enter HELP
and to leave enter EXIT.
SQL> SQL> SQL>
0 rows deleted.

SQL> SP2-0042: unknown command "*" - rest of line ignored.
SQL> SP2-0734: unknown command beginning "ERROR at l..." - rest of line ignored.
SQL> SP2-0734: unknown command beginning "ORA-06550:..." - rest of line ignored.
SQL> SP2-0734: unknown command beginning "PLS-00103:..." - rest of line ignored.
SP2-0044: For a list of known commands enter HELP
and to leave enter EXIT.
SQL> SQL> SQL> SQL>   2  SQL> SQL>   2  SQL> SP2-0734: unknown command beginning "SQL> Disco..." - rest of line ignored.
SQL> SP2-0734: unknown command beginning "Version 19..." - rest of line ignored.
SQL> SQL> SP2-0734: unknown command beginning "SQL*Plus: ..." - rest of line ignored.
SQL> SP2-0734: unknown command beginning "Version 19..." - rest of line ignored.
SP2-0044: For a list of known commands enter HELP
and to leave enter EXIT.
SQL> SQL> SP2-0734: unknown command beginning "Copyright ..." - rest of line ignored.
SQL> SQL> SQL> SQL> SQL> SQL> SQL> SQL> SP2-0734: unknown command beginning "Last Succe..." - rest of line ignored.
SQL> SQL> SP2-0734: unknown command beginning "Connected ..." - rest of line ignored.
SQL> SP2-0734: unknown command beginning "Oracle Dat..." - rest of line ignored.
SQL> SP2-0734: unknown command beginning "Version 19..." - rest of line ignored.
SP2-0044: For a list of known commands enter HELP
and to leave enter EXIT.
SQL> SQL> SQL> SP2-0734: unknown command beginning "PL/SQL pro..." - rest of line ignored.
SQL> SQL> SQL> SP2-0734: unknown command beginning "PL/SQL pro..." - rest of line ignored.
SQL> SQL> SQL> SP2-0734: unknown command beginning "PL/SQL pro..." - rest of line ignored.
SQL> SQL>
0 rows deleted.

SQL> SP2-0042: unknown command "*" - rest of line ignored.
SQL> SP2-0734: unknown command beginning "ERROR at l..." - rest of line ignored.
SQL> SP2-0734: unknown command beginning "ORA-06550:..." - rest of line ignored.
SQL> SP2-0734: unknown command beginning "PLS-00103:..." - rest of line ignored.
SP2-0044: For a list of known commands enter HELP
and to leave enter EXIT.
SQL> SQL> SQL>
0 rows deleted.

SQL> SP2-0042: unknown command "*" - rest of line ignored.
SQL> SP2-0734: unknown command beginning "ERROR at l..." - rest of line ignored.
SQL> SP2-0734: unknown command beginning "ORA-06550:..." - rest of line ignored.
SQL> SP2-0734: unknown command beginning "PLS-00103:..." - rest of line ignored.
SP2-0044: For a list of known commands enter HELP
and to leave enter EXIT.
SQL> SQL> SQL> SQL>   2  SQL> SQL>   2  SQL> SP2-0734: unknown command beginning "SQL> Disco..." - rest of line ignored.
SQL> SP2-0734: unknown command beginning "Version 19..." - rest of line ignored.
SQL> SQL> SP2-0734: unknown command beginning "SQL*Plus: ..." - rest of line ignored.
SQL> SP2-0734: unknown command beginning "Version 19..." - rest of line ignored.
SP2-0044: For a list of known commands enter HELP
and to leave enter EXIT.
SQL> SQL> SP2-0734: unknown command beginning "Copyright ..." - rest of line ignored.
SQL> SQL> SQL> SQL> SQL> SQL> SQL> SQL> SP2-0734: unknown command beginning "Last Succe..." - rest of line ignored.
SQL> SQL> SP2-0734: unknown command beginning "Connected ..." - rest of line ignored.
SQL> SP2-0734: unknown command beginning "Oracle Dat..." - rest of line ignored.
SQL> SP2-0734: unknown command beginning "Version 19..." - rest of line ignored.
SP2-0044: For a list of known commands enter HELP
and to leave enter EXIT.
SQL> SQL> SQL> SP2-0734: unknown command beginning "PL/SQL pro..." - rest of line ignored.
SQL> SQL> SQL> SP2-0734: unknown command beginning "PL/SQL pro..." - rest of line ignored.
SQL> SQL> SQL> SP2-0734: unknown command beginning "PL/SQL pro..." - rest of line ignored.
SQL> SQL>
0 rows deleted.

SQL> SP2-0042: unknown command "*" - rest of line ignored.
SQL> SP2-0734: unknown command beginning "ERROR at l..." - rest of line ignored.
SQL> SP2-0734: unknown command beginning "ORA-06550:..." - rest of line ignored.
SQL> SP2-0734: unknown command beginning "PLS-00103:..." - rest of line ignored.
SP2-0044: For a list of known commands enter HELP
and to leave enter EXIT.
SQL> SQL> SQL>
0 rows deleted.

SQL> SP2-0042: unknown command "*" - rest of line ignored.
SQL> SP2-0734: unknown command beginning "ERROR at l..." - rest of line ignored.
SQL> SP2-0734: unknown command beginning "ORA-06550:..." - rest of line ignored.
SQL> SP2-0734: unknown command beginning "PLS-00103:..." - rest of line ignored.
SP2-0044: For a list of known commands enter HELP
and to leave enter EXIT.
SQL> SQL> SQL> SQL>   2  SQL> SQL>   2  SQL> SP2-0734: unknown command beginning "SQL> Disco..." - rest of line ignored.
SQL> SP2-0734: unknown command beginning "Version 19..." - rest of line ignored.
SQL> SP2-0734: unknown command beginning "Warning: N..." - rest of line ignored.
SQL> SQL> SP2-0734: unknown command beginning "==========..." - rest of line ignored.
SP2-0044: For a list of known commands enter HELP
and to leave enter EXIT.
SQL> SP2-0734: unknown command beginning "==========..." - rest of line ignored.
SQL> SP2-0734: unknown command beginning "Warning: N..." - rest of line ignored.
SQL> SQL> SP2-0734: unknown command beginning "==========..." - rest of line ignored.
SQL> Disconnected from Oracle Database 19c EE Extreme Perf Release 19.0.0.0.0 - Production
Version 19.18.0.0.0
